<html>
<body>
<pre>
<h1>µVision Build Log</h1>
<h2>Tool Versions:</h2>
IDE-Version: ¦ÌVision V5.25.2.0
Copyright (C) 2018 ARM Ltd and ARM Germany GmbH. All rights reserved.
License Information:  ,  , LIC=1WSKC-7D71A-ZEYH2-9W7DV-BIKFI-N355H
 
Tool Versions:
Toolchain:       MDK-ARM Professional  Version: 5.25.2.0
Toolchain Path:  E:\Keil_v5\ARM\ARMCC\Bin
C Compiler:      Armcc.exe V5.06 update 6 (build 750)
Assembler:       Armasm.exe V5.06 update 6 (build 750)
Linker/Locator:  ArmLink.exe V5.06 update 6 (build 750)
Library Manager: ArmAr.exe V5.06 update 6 (build 750)
Hex Converter:   FromElf.exe V5.06 update 6 (build 750)
CPU DLL:         SARMCM3.DLL V5.25.2.0
Dialog DLL:      DCM.DLL V1.17.1.0
Target DLL:      CMSIS_AGDI.dll V1.29.10.0
Dialog DLL:      TCM.DLL V1.35.1.0
 
<h2>Project:</h2>
E:\STM32-Project\STM32-learn\STM32F4-FreeRTOS\project\STM32F4-FreeRTOS.uvprojx
Project File Date:  01/17/2021

<h2>Output:</h2>
*** Using Compiler 'V5.06 update 6 (build 750)', folder: 'E:\Keil_v5\ARM\ARMCC\Bin'
Build target 'Target 1'
compiling main.c...
..\bsp\inc\led.h(14): warning:  #1-D: last line of file ends without a newline
  #endif
..\bsp\inc\uart.h(16): warning:  #1-D: last line of file ends without a newline
  #endif
..\user\main.c(60): warning:  #191-D: type qualifier is meaningless on cast type
                    (const uint16_t  ) STACK_LED_SIZE,
..\user\main.c(61): warning:  #191-D: type qualifier is meaningless on cast type
                    (void *const     ) NULL,
..\user\main.c(68): warning:  #191-D: type qualifier is meaningless on cast type
                    (const uint16_t  ) STACK_BULE_SIZE,
..\user\main.c(69): warning:  #191-D: type qualifier is meaningless on cast type
                    (void *const     ) NULL,
..\user\main.c(55): warning:  #177-D: function "APPStart"  was declared but never referenced
  void APPStart(void)
..\user\main.c: 7 warnings, 0 errors
linking...
Program Size: Code=2884 RO-data=460 RW-data=80 ZI-data=1224  
".\Objects\STM32F4-FreeRTOS.axf" - 0 Error(s), 7 Warning(s).

<h2>Software Packages used:</h2>

Package Vendor: Keil
                http://www.keil.com/pack/Keil.STM32F4xx_DFP.2.9.0.pack
                Keil.STM32F4xx_DFP.2.9.0
                STMicroelectronics STM32F4 Series Device Support, Drivers and Examples

<h2>Collection of Component include folders:</h2>
  .\RTE\_Target_1
  E:\Keil_v5\ARM\PACK\Keil\STM32F4xx_DFP\2.9.0\Drivers\CMSIS\Device\ST\STM32F4xx\Include

<h2>Collection of Component Files used:</h2>
Build Time Elapsed:  00:00:01
</pre>
</body>
</html>
